// Jest Snapshot v1, https://goo.gl/fbAQLP

exports[`<Dashboard /> dashboard matches snapshot 1`] = `
<div>
  <div
    class="display panel"
  >
    <div
      class="led green-led"
      data-testid="locked"
    >
      Unlocked
    </div>
    <div
      class="led green-led"
      data-testid="closed"
    >
      Open
    </div>
  </div>
  <div
    class="controls panel"
  >
    <button
      class="toggle-btn"
      data-testid="locked"
      disabled=""
    >
      Lock Gate
    </button>
    <button
      class="toggle-btn"
      data-testid="closed"
    >
      Close Gate
    </button>
  </div>
</div>
`;
