// Jest Snapshot v1, https://goo.gl/fbAQLP

exports[`<Display /> display matches snapshot 1`] = `
<div>
  <div
    class="display panel"
  >
    <div
      class="led green-led"
      data-testid="locked"
    >
      Unlocked
    </div>
    <div
      class="led green-led"
      data-testid="closed"
    >
      Open
    </div>
  </div>
</div>
`;
